<html>
<body>
<pre>
<h1>µVision Build Log</h1>
<h2>Project:</h2>
C:\Users\21708078t\Documents\polytech\TP1\tp1.uvproj
Project File Date:  11/12/2019

<h2>Output:</h2>
Rebuild target 'TP1'
assembling STM32F10x.s...
compiling main.c...
main.c(185): warning:  #111-D: statement is unreachable
      return 0;
main.c: 1 warning, 0 errors
compiling gpio.c...
linking...
Program Size: Code=768 RO-data=252 RW-data=0 ZI-data=544  
".\Obj\gpio.axf" - 0 Error(s), 1 Warning(s).
</pre>
</body>
</html>
